layer at (0,0) size 800x600
  RenderView at (0,0) size 800x600
layer at (0,0) size 800x600
  RenderBlock {HTML} at (0,0) size 800x600
    RenderBody {BODY} at (8,8) size 784x584
      RenderTextControl {INPUT} at (2,2) size 203x23
        RenderFlexibleBox {DIV} at (2,2) size 199x19
          RenderBlock {DIV} at (0,9) size 0x1
          RenderBlock {DIV} at (0,0) size 188x19
          RenderBlock {DIV} at (188,4) size 11x11
      RenderBR {BR} at (207,19) size 0x0
      RenderTextControl {INPUT} at (2,29) size 192x23
      RenderBR {BR} at (196,46) size 0x0
      RenderTextControl {INPUT} at (2,56) size 203x23
        RenderFlexibleBox {DIV} at (2,2) size 199x19
          RenderBlock {DIV} at (0,9) size 0x1
          RenderBlock {DIV} at (0,0) size 188x19
          RenderBlock {DIV} at (188,4) size 11x11
      RenderBR {BR} at (207,73) size 0x0
      RenderTextControl {INPUT} at (2,83) size 203x23
        RenderFlexibleBox {DIV} at (2,2) size 199x19
          RenderBlock {DIV} at (0,9) size 0x1
          RenderBlock {DIV} at (0,0) size 188x19
          RenderBlock {DIV} at (188,4) size 11x11
      RenderBR {BR} at (207,100) size 0x0
      RenderBR {BR} at (203,154) size 0x0
      RenderTextControl {INPUT} at (2,156) size 192x23
      RenderBR {BR} at (196,173) size 0x0
      RenderBR {BR} at (203,227) size 0x0
      RenderTextControl {INPUT} at (5,232) size 199x30 [bgcolor=#FFFFFF] [border: (5px solid #000000)]
      RenderBR {BR} at (209,252) size 0x0
      RenderTextControl {INPUT} at (2,269) size 192x23
      RenderText {#text} at (196,271) size 4x19
        text run at (196,271) width 4: " "
      RenderTextControl {INPUT} at (202,269) size 192x23
      RenderText {#text} at (396,271) size 4x19
        text run at (396,271) width 4: " "
      RenderBR {BR} at (400,286) size 0x0
      RenderTextControl {INPUT} at (2,296) size 192x23
      RenderText {#text} at (196,298) size 4x19
        text run at (196,298) width 4: " "
      RenderTextControl {INPUT} at (202,296) size 192x23
      RenderText {#text} at (396,298) size 4x19
        text run at (396,298) width 4: " "
      RenderTextControl {INPUT} at (402,296) size 192x23
      RenderText {#text} at (596,298) size 4x19
        text run at (596,298) width 4: " "
      RenderBR {BR} at (600,313) size 0x0
      RenderBR {BR} at (196,340) size 0x0
layer at (12,12) size 188x19
  RenderBlock {DIV} at (2,2) size 188x19 [color=#A9A9A9]
    RenderText {#text} at (0,0) size 70x19
      text run at (0,0) width 70: "placeholder"
layer at (12,12) size 188x19
  RenderBlock {DIV} at (0,0) size 188x19
layer at (12,39) size 188x19
  RenderBlock {DIV} at (2,2) size 188x19 [color=#A9A9A9]
    RenderText {#text} at (0,0) size 70x19
      text run at (0,0) width 70: "placeholder"
layer at (12,39) size 188x19
  RenderBlock {DIV} at (2,2) size 188x19
layer at (12,66) size 188x19
  RenderBlock {DIV} at (2,2) size 188x19 [color=#A9A9A9]
    RenderText {#text} at (118,0) size 70x19
      text run at (118,0) width 70: "placeholder"
layer at (12,66) size 188x19
  RenderBlock {DIV} at (0,0) size 188x19
layer at (12,93) size 188x19
  RenderBlock {DIV} at (2,2) size 188x19 [color=#A9A9A9]
    RenderText {#text} at (0,0) size 70x19
      text run at (0,0) width 70: "placeholder"
layer at (12,93) size 188x19
  RenderBlock {DIV} at (0,0) size 188x19
layer at (10,118) size 199x42
  RenderTextControl {TEXTAREA} at (2,110) size 199x42
    RenderBlock {DIV} at (2,2) size 195x19
    RenderBlock {DIV} at (2,2) size 195x19 [color=#A9A9A9]
      RenderText {#text} at (0,0) size 70x19
        text run at (0,0) width 70: "placeholder"
layer at (12,166) size 188x19
  RenderBlock {DIV} at (2,2) size 188x19 [color=#A9A9A9]
    RenderText {#text} at (0,0) size 70x19
      text run at (0,0) width 70: "placeholder"
layer at (12,166) size 188x19
  RenderBlock {DIV} at (2,2) size 188x19
layer at (10,191) size 199x42
  RenderTextControl {TEXTAREA} at (2,183) size 199x42
    RenderBlock {DIV} at (2,2) size 195x19
    RenderBlock {DIV} at (2,2) size 195x19 [color=#A9A9A9]
      RenderText {#text} at (0,0) size 70x19
        text run at (0,0) width 70: "placeholder"
layer at (19,246) size 187x18
  RenderBlock {DIV} at (6,6) size 187x18 [color=#A9A9A9]
    RenderText {#text} at (0,0) size 67x18
      text run at (0,0) width 67: "placeholder"
layer at (19,246) size 187x18
  RenderBlock {DIV} at (6,6) size 187x18
layer at (12,279) size 188x19
  RenderBlock {DIV} at (2,2) size 188x19
    RenderText {#text} at (0,0) size 35x19
      text run at (0,0) width 35: "Value"
layer at (212,279) size 188x19
  RenderBlock {DIV} at (2,2) size 188x19 [color=#A9A9A9]
    RenderText {#text} at (0,0) size 70x19
      text run at (0,0) width 70: "placeholder"
layer at (212,279) size 188x19
  RenderBlock {DIV} at (2,2) size 188x19
layer at (12,306) size 188x19
  RenderBlock {DIV} at (2,2) size 188x19
    RenderText {#text} at (76,0) size 36x19
      text run at (76,0) width 36: "Value"
layer at (212,306) size 188x19
  RenderBlock {DIV} at (2,2) size 188x19 [color=#A9A9A9]
    RenderText {#text} at (59,0) size 70x19
      text run at (59,0) width 70: "placeholder"
layer at (212,306) size 188x19
  RenderBlock {DIV} at (2,2) size 188x19
layer at (412,306) size 188x19
  RenderBlock {DIV} at (2,2) size 188x19 [color=#A9A9A9]
    RenderText {#text} at (59,0) size 70x19
      text run at (59,0) width 70: "placeholder"
layer at (412,306) size 188x19
  RenderBlock {DIV} at (2,2) size 188x19
layer at (10,331) size 192x23
  RenderTextControl {INPUT} at (2,323) size 192x23
layer at (12,333) size 188x19
  RenderBlock {DIV} at (2,2) size 188x19 [color=#A9A9A9]
    RenderText {#text} at (0,0) size 70x19
      text run at (0,0) width 70: "placeholder"
layer at (12,333) size 188x19
  RenderBlock {DIV} at (2,2) size 188x19
