layer at (0,0) size 785x619
  RenderView at (0,0) size 785x600
layer at (0,0) size 785x619
  RenderBlock {html} at (0,0) size 785x619
    RenderBody {body} at (8,8) size 769x603
      RenderBlock {div} at (0,0) size 769x201
        RenderBlock {div} at (0,0) size 55x146 [border: (1px solid #FF0000)]
          RenderText {#text} at (1,1) size 53x48
            text run at (1,1) width 48: "\x{70BA}"
          RenderRuby (inline) {ruby} at (0,0) size 53x48
            RenderRubyRun (anonymous) at (1,49) size 53x48
              RenderRubyBase (anonymous) at (0,0) size 53x48
                RenderText {#text} at (0,0) size 53x48
                  text run at (0,0) width 48: "\x{6AFB}"
          RenderText {#text} at (1,97) size 53x48
            text run at (1,97) width 48: "\x{7530}"
        RenderBlock {div} at (0,146) size 769x55 [border: (1px solid #008000)]
          RenderText {#text} at (1,1) size 48x53
            text run at (1,1) width 48: "\x{70BA}"
          RenderRuby (inline) {ruby} at (0,0) size 48x53
            RenderRubyRun (anonymous) at (49,1) size 48x53
              RenderRubyBase (anonymous) at (0,0) size 48x53
                RenderText {#text} at (0,0) size 48x53
                  text run at (0,0) width 48: "\x{6AFB}"
          RenderText {#text} at (97,1) size 48x53
            text run at (97,1) width 48: "\x{7530}"
      RenderBlock {div} at (0,201) size 769x201
        RenderBlock {div} at (0,0) size 55x146 [border: (1px solid #FF0000)]
          RenderText {#text} at (1,1) size 53x48
            text run at (1,1) width 48: "\x{70BA}"
          RenderRuby (inline) {ruby} at (0,0) size 53x48
            RenderRubyRun (anonymous) at (1,49) size 53x48
              RenderRubyBase (anonymous) at (0,0) size 53x48
                RenderText {#text} at (0,0) size 53x48
                  text run at (0,0) width 48: "\x{6AFB}"
          RenderText {#text} at (1,97) size 53x48
            text run at (1,97) width 48: "\x{7530}"
        RenderBlock {div} at (0,146) size 769x55 [border: (1px solid #008000)]
          RenderText {#text} at (1,1) size 48x53
            text run at (1,1) width 48: "\x{70BA}"
          RenderRuby (inline) {ruby} at (0,0) size 48x53
            RenderRubyRun (anonymous) at (49,1) size 48x53
              RenderRubyBase (anonymous) at (0,0) size 48x53
                RenderText {#text} at (0,0) size 48x53
                  text run at (0,0) width 48: "\x{6AFB}"
          RenderText {#text} at (97,1) size 48x53
            text run at (97,1) width 48: "\x{7530}"
      RenderBlock {div} at (0,402) size 769x201
        RenderBlock {div} at (0,0) size 55x146 [border: (1px solid #FF0000)]
          RenderText {#text} at (1,1) size 53x48
            text run at (1,1) width 48: "\x{70BA}"
          RenderRuby (inline) {ruby} at (0,0) size 53x48
            RenderRubyRun (anonymous) at (1,49) size 53x48
              RenderRubyBase (anonymous) at (0,0) size 53x48
                RenderText {#text} at (0,0) size 53x48
                  text run at (0,0) width 48: "\x{6AFB}"
          RenderText {#text} at (1,97) size 53x48
            text run at (1,97) width 48: "\x{7530}"
        RenderBlock {div} at (0,146) size 769x55 [border: (1px solid #008000)]
          RenderText {#text} at (1,1) size 48x53
            text run at (1,1) width 48: "\x{70BA}"
          RenderRuby (inline) {ruby} at (0,0) size 48x53
            RenderRubyRun (anonymous) at (49,1) size 48x53
              RenderRubyBase (anonymous) at (0,0) size 48x53
                RenderText {#text} at (0,0) size 48x53
                  text run at (0,0) width 48: "\x{6AFB}"
          RenderText {#text} at (97,1) size 48x53
            text run at (97,1) width 48: "\x{7530}"
