layer at (0,0) size 800x600
  RenderView at (0,0) size 800x600
layer at (0,0) size 800x480
  RenderBlock {HTML} at (0,0) size 800x480
    RenderBody {BODY} at (8,16) size 784x456
      RenderBlock {P} at (0,0) size 784x34
        RenderText {#text} at (0,0) size 772x34
          text run at (0,0) width 772: "The first and last lines of text in the regions below should be clipped to the green box. The overflow section sizes itself and"
          text run at (0,17) width 195: "clips differently in each region."
      RenderBlock {DIV} at (0,50) size 784x406
        RenderRegion {DIV} at (582,0) size 202x102 [border: (1px solid #000000)]
        RenderRegion {DIV} at (482,102) size 302x182 [border: (1px solid #000000)]
        RenderRegion {DIV} at (662,284) size 122x122 [border: (1px solid #000000)]
Flow Threads
  Thread with flow-name 'flow1'
    layer at (0,0) size 300x400
      RenderNamedFlowThread at (0,0) size 300x400
        RenderBlock {DIV} at (0,0) size 300x357
          RenderBlock {DIV} at (5,5) size 290x347 [border: (1px solid #0000FF)]
    layer at (41,6) size 218x345 clip at (42,7) size 216x343 scrollX 284 scrollWidth 500
      RenderBlock (relative positioned) {DIV} at (36,1) size 218x345 [border: (1px solid #008000)]
        RenderBlock {P} at (1,34) size 216x128
          RenderText {#text} at (88,0) size 228x128
            text run at (88,0) width 140: "These lines will not"
            text run at (88,17) width 140: "spill out of the"
            text run at (88,34) width 140: "regions. These lines"
            text run at (0,60) width 216: "will not spill out of the regions."
            text run at (0,77) width 216: "These lines will not spill out of"
            text run at (0,94) width 216: "the regions. These lines will not"
            text run at (72,111) width 4 RTL: "."
            text run at (76,111) width 140: "spill out of the regions"
        RenderBlock {P} at (1,178) size 216x130
          RenderText {#text} at (0,0) size 238x130
            text run at (0,0) width 216: "These lines will not spill out of"
            text run at (0,17) width 216: "the regions. These lines will not"
            text run at (0,34) width 178: "spill out of the regions. "
            text run at (178,34) width 38: "These"
            text run at (0,51) width 216: "lines will not spill out of the"
            text run at (0,68) width 216: "regions. These lines will not spill"
            text run at (158,96) width 80: "out of the"
            text run at (188,113) width 4 RTL: "."
            text run at (192,113) width 46: "regions"
  Regions for flow 'flow1'
    RenderRegion {DIV} #region1
    RenderRegion {DIV} #region2
    RenderRegion {DIV} #region3
