layer at (0,0) size 2016x2404
  RenderView at (0,0) size 785x585
layer at (0,0) size 785x2404
  RenderBlock {HTML} at (0,0) size 785x2405
    RenderBody {BODY} at (8,8) size 769x2389
      RenderBlock {H2} at (0,0) size 769x28
        RenderText {#text} at (0,0) size 138x28
          text run at (0,0) width 138: "word-spacing"
      RenderBlock (floating) {PRE} at (0,60) size 1004x170
        RenderBlock {H3} at (0,15) size 1004x19
          RenderText {#text} at (0,0) size 204x18
            text run at (0,0) width 204: "In a floated pre"
        RenderBlock (anonymous) at (0,48) size 1004x121
          RenderText {#text} at (0,0) size 260x30
            text run at (0,0) width 0: " "
            text run at (0,15) width 260: "Word   spacing test "
          RenderInline {EM} at (0,0) size 24x15
            RenderText {#text} at (260,15) size 24x15
              text run at (260,15) width 24: "for"
          RenderText {#text} at (304,15) size 8x15
            text run at (304,15) width 8: " "
          RenderInline {STRONG} at (0,0) size 64x15
            RenderText {#text} at (312,15) size 64x15
              text run at (312,15) width 64: "elements"
          RenderText {#text} at (396,15) size 8x15
            text run at (396,15) width 8: " "
          RenderInline {TT} at (0,0) size 48x15
            RenderText {#text} at (404,15) size 48x15
              text run at (404,15) width 48: "within"
          RenderText {#text} at (472,15) size 624x30
            text run at (472,15) width 132: " elements too."
            text run at (624,15) width 0: " "
            text run at (0,30) width 260: "Word   spacing test "
          RenderInline {EM} at (0,0) size 24x15
            RenderText {#text} at (260,30) size 24x15
              text run at (260,30) width 24: "for"
          RenderText {#text} at (304,30) size 8x15
            text run at (304,30) width 8: " "
          RenderInline {STRONG} at (0,0) size 64x15
            RenderText {#text} at (312,30) size 64x15
              text run at (312,30) width 64: "elements"
          RenderText {#text} at (396,30) size 8x15
            text run at (396,30) width 8: " "
          RenderInline {TT} at (0,0) size 48x15
            RenderText {#text} at (404,30) size 48x15
              text run at (404,30) width 48: "within"
          RenderText {#text} at (472,30) size 100x15
            text run at (472,30) width 100: " elements "
          RenderText {#text} at (572,30) size 1072x30
            text run at (572,30) width 480: " too. (with comment between elements and too)"
            text run at (1072,30) width 0: " "
            text run at (0,45) width 260: "Word   spacing test "
          RenderInline {EM} at (0,0) size 24x15
            RenderText {#text} at (260,45) size 24x15
              text run at (260,45) width 24: "for"
          RenderText {#text} at (304,45) size 8x15
            text run at (304,45) width 8: " "
          RenderInline {STRONG} at (0,0) size 64x15
            RenderText {#text} at (312,45) size 64x15
              text run at (312,45) width 64: "elements"
          RenderText {#text} at (396,45) size 8x15
            text run at (396,45) width 8: " "
          RenderInline {TT} at (0,0) size 48x15
            RenderText {#text} at (404,45) size 48x15
              text run at (404,45) width 48: "within"
          RenderText {#text} at (472,45) size 72x15
            text run at (472,45) width 72: " elements"
          RenderText {#text} at (564,45) size 1300x30
            text run at (564,45) width 716: " too. (with comment (no preceeding space) between elements and too)"
            text run at (1300,45) width 0: " "
            text run at (0,60) width 260: "Word   spacing test "
          RenderInline {EM} at (0,0) size 24x15
            RenderText {#text} at (260,60) size 24x15
              text run at (260,60) width 24: "for"
          RenderText {#text} at (304,60) size 8x15
            text run at (304,60) width 8: " "
          RenderInline {STRONG} at (0,0) size 64x15
            RenderText {#text} at (312,60) size 64x15
              text run at (312,60) width 64: "elements"
          RenderText {#text} at (396,60) size 8x15
            text run at (396,60) width 8: " "
          RenderInline {TT} at (0,0) size 48x15
            RenderText {#text} at (404,60) size 48x15
              text run at (404,60) width 48: "within"
          RenderText {#text} at (472,60) size 100x15
            text run at (472,60) width 100: " elements "
          RenderText {#text} at (572,60) size 712x15
            text run at (572,60) width 692: "too. (with comment (no trailing space) between elements and too)"
            text run at (1284,60) width 0: " "
          RenderInline {SPAN} at (0,0) size 376x15
            RenderText {#text} at (0,75) size 260x15
              text run at (0,75) width 260: "Word   spacing test "
            RenderInline {EM} at (0,0) size 24x15
              RenderText {#text} at (260,75) size 24x15
                text run at (260,75) width 24: "for"
            RenderText {#text} at (304,75) size 8x15
              text run at (304,75) width 8: " "
            RenderInline {STRONG} at (0,0) size 64x15
              RenderText {#text} at (312,75) size 64x15
                text run at (312,75) width 64: "elements"
          RenderText {#text} at (396,75) size 8x15
            text run at (396,75) width 8: " "
          RenderInline {TT} at (0,0) size 48x15
            RenderText {#text} at (404,75) size 48x15
              text run at (404,75) width 48: "within"
          RenderText {#text} at (472,75) size 1116x30
            text run at (472,75) width 624: " elements too. (with monospace font from Word to elements)"
            text run at (1116,75) width 0: " "
            text run at (0,90) width 260: "Word   spacing test "
          RenderInline {SPAN} at (0,0) size 192x15
            RenderInline {EM} at (0,0) size 24x15
              RenderText {#text} at (260,90) size 24x15
                text run at (260,90) width 24: "for"
            RenderText {#text} at (304,90) size 8x15
              text run at (304,90) width 8: " "
            RenderInline {STRONG} at (0,0) size 64x15
              RenderText {#text} at (312,90) size 64x15
                text run at (312,90) width 64: "elements"
            RenderText {#text} at (396,90) size 8x15
              text run at (396,90) width 8: " "
            RenderInline {TT} at (0,0) size 48x15
              RenderText {#text} at (404,90) size 48x15
                text run at (404,90) width 48: "within"
          RenderText {#text} at (472,90) size 1092x30
            text run at (472,90) width 600: " elements too. (with monospace font from for to within)"
            text run at (1092,90) width 0: " "
            text run at (0,105) width 260: "Word   spacing test "
          RenderInline {EM} at (0,0) size 24x15
            RenderText {#text} at (260,105) size 24x15
              text run at (260,105) width 24: "for"
          RenderText {#text} at (304,105) size 8x15
            text run at (304,105) width 8: " "
          RenderInline {STRONG} at (0,0) size 64x15
            RenderText {#text} at (312,105) size 64x15
              text run at (312,105) width 64: "elements"
          RenderText {#text} at (396,105) size 8x15
            text run at (396,105) width 8: " "
          RenderInline {SPAN} at (0,0) size 192x15
            RenderInline {TT} at (0,0) size 48x15
              RenderText {#text} at (404,105) size 48x15
                text run at (404,105) width 48: "within"
            RenderText {#text} at (472,105) size 124x15
              text run at (472,105) width 124: " elements too"
          RenderText {#text} at (596,105) size 512x15
            text run at (596,105) width 492: ". (with monospace font from elements to too)"
            text run at (1108,105) width 0: " "
      RenderBlock (anonymous) at (0,47) size 769x196
        RenderBR {BR} at (1004,0) size 0x19
      RenderBlock {PRE} at (0,257) size 769x154
        RenderBlock {H3} at (0,0) size 769x18
          RenderText {#text} at (0,0) size 240x18
            text run at (0,0) width 240: "In an un-floated pre"
        RenderBlock (anonymous) at (0,33) size 769x121
          RenderText {#text} at (0,0) size 260x30
            text run at (0,0) width 0: " "
            text run at (0,15) width 260: "Word   spacing test "
          RenderInline {EM} at (0,0) size 24x15
            RenderText {#text} at (260,15) size 24x15
              text run at (260,15) width 24: "for"
          RenderText {#text} at (304,15) size 8x15
            text run at (304,15) width 8: " "
          RenderInline {STRONG} at (0,0) size 64x15
            RenderText {#text} at (312,15) size 64x15
              text run at (312,15) width 64: "elements"
          RenderText {#text} at (396,15) size 8x15
            text run at (396,15) width 8: " "
          RenderInline {TT} at (0,0) size 48x15
            RenderText {#text} at (404,15) size 48x15
              text run at (404,15) width 48: "within"
          RenderText {#text} at (472,15) size 624x30
            text run at (472,15) width 132: " elements too."
            text run at (624,15) width 0: " "
            text run at (0,30) width 260: "Word   spacing test "
          RenderInline {EM} at (0,0) size 24x15
            RenderText {#text} at (260,30) size 24x15
              text run at (260,30) width 24: "for"
          RenderText {#text} at (304,30) size 8x15
            text run at (304,30) width 8: " "
          RenderInline {STRONG} at (0,0) size 64x15
            RenderText {#text} at (312,30) size 64x15
              text run at (312,30) width 64: "elements"
          RenderText {#text} at (396,30) size 8x15
            text run at (396,30) width 8: " "
          RenderInline {TT} at (0,0) size 48x15
            RenderText {#text} at (404,30) size 48x15
              text run at (404,30) width 48: "within"
          RenderText {#text} at (472,30) size 100x15
            text run at (472,30) width 100: " elements "
          RenderText {#text} at (572,30) size 1072x30
            text run at (572,30) width 480: " too. (with comment between elements and too)"
            text run at (1072,30) width 0: " "
            text run at (0,45) width 260: "Word   spacing test "
          RenderInline {EM} at (0,0) size 24x15
            RenderText {#text} at (260,45) size 24x15
              text run at (260,45) width 24: "for"
          RenderText {#text} at (304,45) size 8x15
            text run at (304,45) width 8: " "
          RenderInline {STRONG} at (0,0) size 64x15
            RenderText {#text} at (312,45) size 64x15
              text run at (312,45) width 64: "elements"
          RenderText {#text} at (396,45) size 8x15
            text run at (396,45) width 8: " "
          RenderInline {TT} at (0,0) size 48x15
            RenderText {#text} at (404,45) size 48x15
              text run at (404,45) width 48: "within"
          RenderText {#text} at (472,45) size 72x15
            text run at (472,45) width 72: " elements"
          RenderText {#text} at (564,45) size 1300x30
            text run at (564,45) width 716: " too. (with comment (no preceeding space) between elements and too)"
            text run at (1300,45) width 0: " "
            text run at (0,60) width 260: "Word   spacing test "
          RenderInline {EM} at (0,0) size 24x15
            RenderText {#text} at (260,60) size 24x15
              text run at (260,60) width 24: "for"
          RenderText {#text} at (304,60) size 8x15
            text run at (304,60) width 8: " "
          RenderInline {STRONG} at (0,0) size 64x15
            RenderText {#text} at (312,60) size 64x15
              text run at (312,60) width 64: "elements"
          RenderText {#text} at (396,60) size 8x15
            text run at (396,60) width 8: " "
          RenderInline {TT} at (0,0) size 48x15
            RenderText {#text} at (404,60) size 48x15
              text run at (404,60) width 48: "within"
          RenderText {#text} at (472,60) size 100x15
            text run at (472,60) width 100: " elements "
          RenderText {#text} at (572,60) size 712x15
            text run at (572,60) width 692: "too. (with comment (no trailing space) between elements and too)"
            text run at (1284,60) width 0: " "
          RenderInline {SPAN} at (0,0) size 376x15
            RenderText {#text} at (0,75) size 260x15
              text run at (0,75) width 260: "Word   spacing test "
            RenderInline {EM} at (0,0) size 24x15
              RenderText {#text} at (260,75) size 24x15
                text run at (260,75) width 24: "for"
            RenderText {#text} at (304,75) size 8x15
              text run at (304,75) width 8: " "
            RenderInline {STRONG} at (0,0) size 64x15
              RenderText {#text} at (312,75) size 64x15
                text run at (312,75) width 64: "elements"
          RenderText {#text} at (396,75) size 8x15
            text run at (396,75) width 8: " "
          RenderInline {TT} at (0,0) size 48x15
            RenderText {#text} at (404,75) size 48x15
              text run at (404,75) width 48: "within"
          RenderText {#text} at (472,75) size 1116x30
            text run at (472,75) width 624: " elements too. (with monospace font from Word to elements)"
            text run at (1116,75) width 0: " "
            text run at (0,90) width 260: "Word   spacing test "
          RenderInline {SPAN} at (0,0) size 192x15
            RenderInline {EM} at (0,0) size 24x15
              RenderText {#text} at (260,90) size 24x15
                text run at (260,90) width 24: "for"
            RenderText {#text} at (304,90) size 8x15
              text run at (304,90) width 8: " "
            RenderInline {STRONG} at (0,0) size 64x15
              RenderText {#text} at (312,90) size 64x15
                text run at (312,90) width 64: "elements"
            RenderText {#text} at (396,90) size 8x15
              text run at (396,90) width 8: " "
            RenderInline {TT} at (0,0) size 48x15
              RenderText {#text} at (404,90) size 48x15
                text run at (404,90) width 48: "within"
          RenderText {#text} at (472,90) size 1092x30
            text run at (472,90) width 600: " elements too. (with monospace font from for to within)"
            text run at (1092,90) width 0: " "
            text run at (0,105) width 260: "Word   spacing test "
          RenderInline {EM} at (0,0) size 24x15
            RenderText {#text} at (260,105) size 24x15
              text run at (260,105) width 24: "for"
          RenderText {#text} at (304,105) size 8x15
            text run at (304,105) width 8: " "
          RenderInline {STRONG} at (0,0) size 64x15
            RenderText {#text} at (312,105) size 64x15
              text run at (312,105) width 64: "elements"
          RenderText {#text} at (396,105) size 8x15
            text run at (396,105) width 8: " "
          RenderInline {SPAN} at (0,0) size 192x15
            RenderInline {TT} at (0,0) size 48x15
              RenderText {#text} at (404,105) size 48x15
                text run at (404,105) width 48: "within"
            RenderText {#text} at (472,105) size 124x15
              text run at (472,105) width 124: " elements too"
          RenderText {#text} at (596,105) size 512x15
            text run at (596,105) width 492: ". (with monospace font from elements to too)"
            text run at (1108,105) width 0: " "
      RenderBlock (anonymous) at (0,423) size 769x1
        RenderInline {SPAN} at (0,0) size 0x0
          RenderText {#text} at (0,0) size 0x0
      RenderBlock (anonymous) at (0,429) size 769x23
        RenderBlock {H3} at (0,0) size 769x22
          RenderText {#text} at (0,0) size 115x22
            text run at (0,0) width 115: "In a span"
      RenderBlock (anonymous) at (0,470) size 769x286
        RenderInline {SPAN} at (0,0) size 762x247
          RenderText {#text} at (0,0) size 174x19
            text run at (0,0) width 60: "Word "
            text run at (60,0) width 114: "spacing test "
          RenderInline {EM} at (0,0) size 19x19
            RenderText {#text} at (174,0) size 19x19
              text run at (174,0) width 19: "for"
          RenderText {#text} at (213,0) size 4x19
            text run at (213,0) width 4: " "
          RenderInline {STRONG} at (0,0) size 60x19
            RenderText {#text} at (217,0) size 60x19
              text run at (217,0) width 60: "elements"
          RenderText {#text} at (297,0) size 4x19
            text run at (297,0) width 4: " "
          RenderInline {TT} at (0,0) size 48x15
            RenderText {#text} at (301,4) size 48x15
              text run at (301,4) width 48: "within"
          RenderText {#text} at (369,0) size 104x19
            text run at (369,0) width 104: " elements too."
          RenderBR {BR} at (473,15) size 0x0
          RenderText {#text} at (0,19) size 174x19
            text run at (0,19) width 60: "Word "
            text run at (60,19) width 114: "spacing test "
          RenderInline {EM} at (0,0) size 19x19
            RenderText {#text} at (174,19) size 19x19
              text run at (174,19) width 19: "for"
          RenderText {#text} at (213,19) size 4x19
            text run at (213,19) width 4: " "
          RenderInline {STRONG} at (0,0) size 60x19
            RenderText {#text} at (217,19) size 60x19
              text run at (217,19) width 60: "elements"
          RenderText {#text} at (297,19) size 4x19
            text run at (297,19) width 4: " "
          RenderInline {TT} at (0,0) size 48x15
            RenderText {#text} at (301,23) size 48x15
              text run at (301,23) width 48: "within"
          RenderText {#text} at (369,19) size 80x19
            text run at (369,19) width 80: " elements "
          RenderText {#text} at (449,19) size 757x38
            text run at (449,19) width 308: "too. (with comment between elements"
            text run at (0,38) width 71: "and too)"
          RenderBR {BR} at (71,53) size 0x0
          RenderText {#text} at (0,57) size 174x19
            text run at (0,57) width 60: "Word "
            text run at (60,57) width 114: "spacing test "
          RenderInline {EM} at (0,0) size 19x19
            RenderText {#text} at (174,57) size 19x19
              text run at (174,57) width 19: "for"
          RenderText {#text} at (213,57) size 4x19
            text run at (213,57) width 4: " "
          RenderInline {STRONG} at (0,0) size 60x19
            RenderText {#text} at (217,57) size 60x19
              text run at (217,57) width 60: "elements"
          RenderText {#text} at (297,57) size 4x19
            text run at (297,57) width 4: " "
          RenderInline {TT} at (0,0) size 48x15
            RenderText {#text} at (301,61) size 48x15
              text run at (301,61) width 48: "within"
          RenderText {#text} at (369,57) size 56x19
            text run at (369,57) width 56: " elements"
          RenderText {#text} at (445,57) size 740x38
            text run at (445,57) width 295: " too. (with comment (no preceeding"
            text run at (0,76) width 286: "space) between elements and too)"
          RenderBR {BR} at (286,91) size 0x0
          RenderText {#text} at (0,95) size 174x19
            text run at (0,95) width 60: "Word "
            text run at (60,95) width 114: "spacing test "
          RenderInline {EM} at (0,0) size 19x19
            RenderText {#text} at (174,95) size 19x19
              text run at (174,95) width 19: "for"
          RenderText {#text} at (213,95) size 4x19
            text run at (213,95) width 4: " "
          RenderInline {STRONG} at (0,0) size 60x19
            RenderText {#text} at (217,95) size 60x19
              text run at (217,95) width 60: "elements"
          RenderText {#text} at (297,95) size 4x19
            text run at (297,95) width 4: " "
          RenderInline {TT} at (0,0) size 48x15
            RenderText {#text} at (301,99) size 48x15
              text run at (301,99) width 48: "within"
          RenderText {#text} at (369,95) size 80x19
            text run at (369,95) width 80: " elements "
          RenderText {#text} at (449,95) size 713x38
            text run at (449,95) width 264: "too. (with comment (no trailing"
            text run at (0,114) width 286: "space) between elements and too)"
          RenderBR {BR} at (286,129) size 0x0
          RenderInline {SPAN} at (0,0) size 320x15
            RenderText {#text} at (0,137) size 204x15
              text run at (0,137) width 60: "Word "
              text run at (60,137) width 144: "spacing test "
            RenderInline {EM} at (0,0) size 24x15
              RenderText {#text} at (204,137) size 24x15
                text run at (204,137) width 24: "for"
            RenderText {#text} at (248,137) size 8x15
              text run at (248,137) width 8: " "
            RenderInline {STRONG} at (0,0) size 64x15
              RenderText {#text} at (256,137) size 64x15
                text run at (256,137) width 64: "elements"
          RenderText {#text} at (340,133) size 4x19
            text run at (340,133) width 4: " "
          RenderInline {TT} at (0,0) size 48x15
            RenderText {#text} at (344,137) size 48x15
              text run at (344,137) width 48: "within"
          RenderText {#text} at (412,133) size 762x38
            text run at (412,133) width 350: " elements too. (with monospace font from"
            text run at (0,152) width 153: "Word to elements)"
          RenderBR {BR} at (153,167) size 0x0
          RenderText {#text} at (0,171) size 174x19
            text run at (0,171) width 60: "Word "
            text run at (60,171) width 114: "spacing test "
          RenderInline {SPAN} at (0,0) size 192x15
            RenderInline {EM} at (0,0) size 24x15
              RenderText {#text} at (174,175) size 24x15
                text run at (174,175) width 24: "for"
            RenderText {#text} at (218,175) size 8x15
              text run at (218,175) width 8: " "
            RenderInline {STRONG} at (0,0) size 64x15
              RenderText {#text} at (226,175) size 64x15
                text run at (226,175) width 64: "elements"
            RenderText {#text} at (310,175) size 8x15
              text run at (310,175) width 8: " "
            RenderInline {TT} at (0,0) size 48x15
              RenderText {#text} at (318,175) size 48x15
                text run at (318,175) width 48: "within"
          RenderText {#text} at (386,171) size 736x38
            text run at (386,171) width 350: " elements too. (with monospace font from"
            text run at (0,190) width 117: "for to within)"
          RenderBR {BR} at (117,205) size 0x0
          RenderText {#text} at (0,209) size 174x19
            text run at (0,209) width 60: "Word "
            text run at (60,209) width 114: "spacing test "
          RenderInline {EM} at (0,0) size 19x19
            RenderText {#text} at (174,209) size 19x19
              text run at (174,209) width 19: "for"
          RenderText {#text} at (213,209) size 4x19
            text run at (213,209) width 4: " "
          RenderInline {STRONG} at (0,0) size 60x19
            RenderText {#text} at (217,209) size 60x19
              text run at (217,209) width 60: "elements"
          RenderText {#text} at (297,209) size 4x19
            text run at (297,209) width 4: " "
          RenderInline {SPAN} at (0,0) size 192x15
            RenderInline {TT} at (0,0) size 48x15
              RenderText {#text} at (301,213) size 48x15
                text run at (301,213) width 48: "within"
            RenderText {#text} at (369,213) size 124x15
              text run at (369,213) width 124: " elements too"
          RenderText {#text} at (493,209) size 743x38
            text run at (493,209) width 250: ". (with monospace font from"
            text run at (0,228) width 161: "elements to too) "
        RenderText {#text} at (0,0) size 0x0
        RenderBR {BR} at (0,0) size 0x0
        RenderBR {BR} at (0,247) size 0x19
        RenderBR {BR} at (0,266) size 0x19
      RenderBlock {H2} at (0,775) size 769x29
        RenderText {#text} at (0,0) size 141x28
          text run at (0,0) width 141: "letter-spacing"
      RenderBlock (floating) {PRE} at (0,835) size 1209x170
        RenderBlock {H3} at (0,15) size 1209x19
          RenderText {#text} at (0,0) size 224x18
            text run at (0,0) width 224: "In a floated pre"
        RenderBlock (anonymous) at (0,48) size 1209x121
          RenderText {#text} at (0,0) size 286x30
            text run at (0,0) width 0: " "
            text run at (0,15) width 286: "Letter   spacing test "
          RenderInline {EM} at (0,0) size 39x15
            RenderText {#text} at (286,15) size 39x15
              text run at (286,15) width 39: "for"
          RenderText {#text} at (325,15) size 13x15
            text run at (325,15) width 13: " "
          RenderInline {STRONG} at (0,0) size 104x15
            RenderText {#text} at (338,15) size 104x15
              text run at (338,15) width 104: "elements"
          RenderText {#text} at (442,15) size 13x15
            text run at (442,15) width 13: " "
          RenderInline {TT} at (0,0) size 78x15
            RenderText {#text} at (455,15) size 78x15
              text run at (455,15) width 78: "within"
          RenderText {#text} at (533,15) size 710x30
            text run at (533,15) width 177: " elements too."
            text run at (710,15) width 0: " "
            text run at (0,30) width 286: "Letter   spacing test "
          RenderInline {EM} at (0,0) size 39x15
            RenderText {#text} at (286,30) size 39x15
              text run at (286,30) width 39: "for"
          RenderText {#text} at (325,30) size 13x15
            text run at (325,30) width 13: " "
          RenderInline {STRONG} at (0,0) size 104x15
            RenderText {#text} at (338,30) size 104x15
              text run at (338,30) width 104: "elements"
          RenderText {#text} at (442,30) size 13x15
            text run at (442,30) width 13: " "
          RenderInline {TT} at (0,0) size 78x15
            RenderText {#text} at (455,30) size 78x15
              text run at (455,30) width 78: "within"
          RenderText {#text} at (533,30) size 125x15
            text run at (533,30) width 125: " elements "
          RenderText {#text} at (658,30) size 1238x30
            text run at (658,30) width 580: " too. (with comment between elements and too)"
            text run at (1238,30) width 0: " "
            text run at (0,45) width 286: "Letter   spacing test "
          RenderInline {EM} at (0,0) size 39x15
            RenderText {#text} at (286,45) size 39x15
              text run at (286,45) width 39: "for"
          RenderText {#text} at (325,45) size 13x15
            text run at (325,45) width 13: " "
          RenderInline {STRONG} at (0,0) size 104x15
            RenderText {#text} at (338,45) size 104x15
              text run at (338,45) width 104: "elements"
          RenderText {#text} at (442,45) size 13x15
            text run at (442,45) width 13: " "
          RenderInline {TT} at (0,0) size 78x15
            RenderText {#text} at (455,45) size 78x15
              text run at (455,45) width 78: "within"
          RenderText {#text} at (533,45) size 112x15
            text run at (533,45) width 112: " elements"
          RenderText {#text} at (645,45) size 1511x30
            text run at (645,45) width 866: " too. (with comment (no preceeding space) between elements and too)"
            text run at (1511,45) width 0: " "
            text run at (0,60) width 286: "Letter   spacing test "
          RenderInline {EM} at (0,0) size 39x15
            RenderText {#text} at (286,60) size 39x15
              text run at (286,60) width 39: "for"
          RenderText {#text} at (325,60) size 13x15
            text run at (325,60) width 13: " "
          RenderInline {STRONG} at (0,0) size 104x15
            RenderText {#text} at (338,60) size 104x15
              text run at (338,60) width 104: "elements"
          RenderText {#text} at (442,60) size 13x15
            text run at (442,60) width 13: " "
          RenderInline {TT} at (0,0) size 78x15
            RenderText {#text} at (455,60) size 78x15
              text run at (455,60) width 78: "within"
          RenderText {#text} at (533,60) size 125x15
            text run at (533,60) width 125: " elements "
          RenderText {#text} at (658,60) size 832x15
            text run at (658,60) width 832: "too. (with comment (no trailing space) between elements and too)"
            text run at (1490,60) width 0: " "
          RenderInline {SPAN} at (0,0) size 442x15
            RenderText {#text} at (0,75) size 286x15
              text run at (0,75) width 286: "Letter   spacing test "
            RenderInline {EM} at (0,0) size 39x15
              RenderText {#text} at (286,75) size 39x15
                text run at (286,75) width 39: "for"
            RenderText {#text} at (325,75) size 13x15
              text run at (325,75) width 13: " "
            RenderInline {STRONG} at (0,0) size 104x15
              RenderText {#text} at (338,75) size 104x15
                text run at (338,75) width 104: "elements"
          RenderText {#text} at (442,75) size 13x15
            text run at (442,75) width 13: " "
          RenderInline {TT} at (0,0) size 78x15
            RenderText {#text} at (455,75) size 78x15
              text run at (455,75) width 78: "within"
          RenderText {#text} at (533,75) size 1308x30
            text run at (533,75) width 775: " elements too. (with monospace font from Letter to elements)"
            text run at (1308,75) width 0: " "
            text run at (0,90) width 286: "Letter   spacing test "
          RenderInline {SPAN} at (0,0) size 247x15
            RenderInline {EM} at (0,0) size 39x15
              RenderText {#text} at (286,90) size 39x15
                text run at (286,90) width 39: "for"
            RenderText {#text} at (325,90) size 13x15
              text run at (325,90) width 13: " "
            RenderInline {STRONG} at (0,0) size 104x15
              RenderText {#text} at (338,90) size 104x15
                text run at (338,90) width 104: "elements"
            RenderText {#text} at (442,90) size 13x15
              text run at (442,90) width 13: " "
            RenderInline {TT} at (0,0) size 78x15
              RenderText {#text} at (455,90) size 78x15
                text run at (455,90) width 78: "within"
          RenderText {#text} at (533,90) size 1243x30
            text run at (533,90) width 710: " elements too. (with monospace font from for to within)"
            text run at (1243,90) width 0: " "
            text run at (0,105) width 286: "Letter   spacing test "
          RenderInline {EM} at (0,0) size 39x15
            RenderText {#text} at (286,105) size 39x15
              text run at (286,105) width 39: "for"
          RenderText {#text} at (325,105) size 13x15
            text run at (325,105) width 13: " "
          RenderInline {STRONG} at (0,0) size 104x15
            RenderText {#text} at (338,105) size 104x15
              text run at (338,105) width 104: "elements"
          RenderText {#text} at (442,105) size 13x15
            text run at (442,105) width 13: " "
          RenderInline {SPAN} at (0,0) size 242x15
            RenderInline {TT} at (0,0) size 78x15
              RenderText {#text} at (455,105) size 78x15
                text run at (455,105) width 78: "within"
            RenderText {#text} at (533,105) size 164x15
              text run at (533,105) width 164: " elements too"
          RenderText {#text} at (697,105) size 572x15
            text run at (697,105) width 572: ". (with monospace font from elements to too)"
            text run at (1269,105) width 0: " "
      RenderBlock (anonymous) at (0,822) size 769x196
        RenderBR {BR} at (1209,0) size 0x19
      RenderBlock {PRE} at (0,1032) size 769x154
        RenderBlock {H3} at (0,0) size 769x18
          RenderText {#text} at (0,0) size 280x18
            text run at (0,0) width 280: "In an un-floated pre"
        RenderBlock (anonymous) at (0,33) size 769x121
          RenderText {#text} at (0,0) size 286x30
            text run at (0,0) width 0: " "
            text run at (0,15) width 286: "Letter   spacing test "
          RenderInline {EM} at (0,0) size 39x15
            RenderText {#text} at (286,15) size 39x15
              text run at (286,15) width 39: "for"
          RenderText {#text} at (325,15) size 13x15
            text run at (325,15) width 13: " "
          RenderInline {STRONG} at (0,0) size 104x15
            RenderText {#text} at (338,15) size 104x15
              text run at (338,15) width 104: "elements"
          RenderText {#text} at (442,15) size 13x15
            text run at (442,15) width 13: " "
          RenderInline {TT} at (0,0) size 78x15
            RenderText {#text} at (455,15) size 78x15
              text run at (455,15) width 78: "within"
          RenderText {#text} at (533,15) size 710x30
            text run at (533,15) width 177: " elements too."
            text run at (710,15) width 0: " "
            text run at (0,30) width 286: "Letter   spacing test "
          RenderInline {EM} at (0,0) size 39x15
            RenderText {#text} at (286,30) size 39x15
              text run at (286,30) width 39: "for"
          RenderText {#text} at (325,30) size 13x15
            text run at (325,30) width 13: " "
          RenderInline {STRONG} at (0,0) size 104x15
            RenderText {#text} at (338,30) size 104x15
              text run at (338,30) width 104: "elements"
          RenderText {#text} at (442,30) size 13x15
            text run at (442,30) width 13: " "
          RenderInline {TT} at (0,0) size 78x15
            RenderText {#text} at (455,30) size 78x15
              text run at (455,30) width 78: "within"
          RenderText {#text} at (533,30) size 125x15
            text run at (533,30) width 125: " elements "
          RenderText {#text} at (658,30) size 1238x30
            text run at (658,30) width 580: " too. (with comment between elements and too)"
            text run at (1238,30) width 0: " "
            text run at (0,45) width 286: "Letter   spacing test "
          RenderInline {EM} at (0,0) size 39x15
            RenderText {#text} at (286,45) size 39x15
              text run at (286,45) width 39: "for"
          RenderText {#text} at (325,45) size 13x15
            text run at (325,45) width 13: " "
          RenderInline {STRONG} at (0,0) size 104x15
            RenderText {#text} at (338,45) size 104x15
              text run at (338,45) width 104: "elements"
          RenderText {#text} at (442,45) size 13x15
            text run at (442,45) width 13: " "
          RenderInline {TT} at (0,0) size 78x15
            RenderText {#text} at (455,45) size 78x15
              text run at (455,45) width 78: "within"
          RenderText {#text} at (533,45) size 112x15
            text run at (533,45) width 112: " elements"
          RenderText {#text} at (645,45) size 1511x30
            text run at (645,45) width 866: " too. (with comment (no preceeding space) between elements and too)"
            text run at (1511,45) width 0: " "
            text run at (0,60) width 286: "Letter   spacing test "
          RenderInline {EM} at (0,0) size 39x15
            RenderText {#text} at (286,60) size 39x15
              text run at (286,60) width 39: "for"
          RenderText {#text} at (325,60) size 13x15
            text run at (325,60) width 13: " "
          RenderInline {STRONG} at (0,0) size 104x15
            RenderText {#text} at (338,60) size 104x15
              text run at (338,60) width 104: "elements"
          RenderText {#text} at (442,60) size 13x15
            text run at (442,60) width 13: " "
          RenderInline {TT} at (0,0) size 78x15
            RenderText {#text} at (455,60) size 78x15
              text run at (455,60) width 78: "within"
          RenderText {#text} at (533,60) size 125x15
            text run at (533,60) width 125: " elements "
          RenderText {#text} at (658,60) size 832x15
            text run at (658,60) width 832: "too. (with comment (no trailing space) between elements and too)"
            text run at (1490,60) width 0: " "
          RenderInline {SPAN} at (0,0) size 442x15
            RenderText {#text} at (0,75) size 286x15
              text run at (0,75) width 286: "Letter   spacing test "
            RenderInline {EM} at (0,0) size 39x15
              RenderText {#text} at (286,75) size 39x15
                text run at (286,75) width 39: "for"
            RenderText {#text} at (325,75) size 13x15
              text run at (325,75) width 13: " "
            RenderInline {STRONG} at (0,0) size 104x15
              RenderText {#text} at (338,75) size 104x15
                text run at (338,75) width 104: "elements"
          RenderText {#text} at (442,75) size 13x15
            text run at (442,75) width 13: " "
          RenderInline {TT} at (0,0) size 78x15
            RenderText {#text} at (455,75) size 78x15
              text run at (455,75) width 78: "within"
          RenderText {#text} at (533,75) size 1308x30
            text run at (533,75) width 775: " elements too. (with monospace font from Letter to elements)"
            text run at (1308,75) width 0: " "
            text run at (0,90) width 286: "Letter   spacing test "
          RenderInline {SPAN} at (0,0) size 247x15
            RenderInline {EM} at (0,0) size 39x15
              RenderText {#text} at (286,90) size 39x15
                text run at (286,90) width 39: "for"
            RenderText {#text} at (325,90) size 13x15
              text run at (325,90) width 13: " "
            RenderInline {STRONG} at (0,0) size 104x15
              RenderText {#text} at (338,90) size 104x15
                text run at (338,90) width 104: "elements"
            RenderText {#text} at (442,90) size 13x15
              text run at (442,90) width 13: " "
            RenderInline {TT} at (0,0) size 78x15
              RenderText {#text} at (455,90) size 78x15
                text run at (455,90) width 78: "within"
          RenderText {#text} at (533,90) size 1243x30
            text run at (533,90) width 710: " elements too. (with monospace font from for to within)"
            text run at (1243,90) width 0: " "
            text run at (0,105) width 286: "Letter   spacing test "
          RenderInline {EM} at (0,0) size 39x15
            RenderText {#text} at (286,105) size 39x15
              text run at (286,105) width 39: "for"
          RenderText {#text} at (325,105) size 13x15
            text run at (325,105) width 13: " "
          RenderInline {STRONG} at (0,0) size 104x15
            RenderText {#text} at (338,105) size 104x15
              text run at (338,105) width 104: "elements"
          RenderText {#text} at (442,105) size 13x15
            text run at (442,105) width 13: " "
          RenderInline {SPAN} at (0,0) size 242x15
            RenderInline {TT} at (0,0) size 78x15
              RenderText {#text} at (455,105) size 78x15
                text run at (455,105) width 78: "within"
            RenderText {#text} at (533,105) size 164x15
              text run at (533,105) width 164: " elements too"
          RenderText {#text} at (697,105) size 572x15
            text run at (697,105) width 572: ". (with monospace font from elements to too)"
            text run at (1269,105) width 0: " "
      RenderBlock (anonymous) at (0,1198) size 769x20
        RenderBR {BR} at (0,0) size 0x19
        RenderInline {SPAN} at (0,0) size 0x0
          RenderText {#text} at (0,0) size 0x0
      RenderBlock (anonymous) at (0,1236) size 769x23
        RenderBlock {H3} at (0,0) size 769x22
          RenderText {#text} at (0,0) size 110x22
            text run at (0,0) width 110: "In a span"
      RenderBlock (anonymous) at (0,1277) size 769x286
        RenderInline {SPAN} at (0,0) size 741x247
          RenderText {#text} at (0,0) size 209x19
            text run at (0,0) width 75: "Letter "
            text run at (75,0) width 134: "spacing test "
          RenderInline {EM} at (0,0) size 34x19
            RenderText {#text} at (209,0) size 34x19
              text run at (209,0) width 34: "for"
          RenderText {#text} at (243,0) size 9x19
            text run at (243,0) width 9: " "
          RenderInline {STRONG} at (0,0) size 100x19
            RenderText {#text} at (252,0) size 100x19
              text run at (252,0) width 100: "elements"
          RenderText {#text} at (352,0) size 9x19
            text run at (352,0) width 9: " "
          RenderInline {TT} at (0,0) size 78x15
            RenderText {#text} at (361,4) size 78x15
              text run at (361,4) width 78: "within"
          RenderText {#text} at (439,0) size 144x19
            text run at (439,0) width 144: " elements too."
          RenderBR {BR} at (583,15) size 0x0
          RenderText {#text} at (0,19) size 209x19
            text run at (0,19) width 75: "Letter "
            text run at (75,19) width 134: "spacing test "
          RenderInline {EM} at (0,0) size 34x19
            RenderText {#text} at (209,19) size 34x19
              text run at (209,19) width 34: "for"
          RenderText {#text} at (243,19) size 9x19
            text run at (243,19) width 9: " "
          RenderInline {STRONG} at (0,0) size 100x19
            RenderText {#text} at (252,19) size 100x19
              text run at (252,19) width 100: "elements"
          RenderText {#text} at (352,19) size 9x19
            text run at (352,19) width 9: " "
          RenderInline {TT} at (0,0) size 78x15
            RenderText {#text} at (361,23) size 78x15
              text run at (361,23) width 78: "within"
          RenderText {#text} at (439,19) size 105x19
            text run at (439,19) width 105: " elements "
          RenderText {#text} at (544,19) size 741x38
            text run at (544,19) width 197: "too. (with comment"
            text run at (0,38) width 272: "between elements and too)"
          RenderBR {BR} at (272,53) size 0x0
          RenderText {#text} at (0,57) size 209x19
            text run at (0,57) width 75: "Letter "
            text run at (75,57) width 134: "spacing test "
          RenderInline {EM} at (0,0) size 34x19
            RenderText {#text} at (209,57) size 34x19
              text run at (209,57) width 34: "for"
          RenderText {#text} at (243,57) size 9x19
            text run at (243,57) width 9: " "
          RenderInline {STRONG} at (0,0) size 100x19
            RenderText {#text} at (252,57) size 100x19
              text run at (252,57) width 100: "elements"
          RenderText {#text} at (352,57) size 9x19
            text run at (352,57) width 9: " "
          RenderInline {TT} at (0,0) size 78x15
            RenderText {#text} at (361,61) size 78x15
              text run at (361,61) width 78: "within"
          RenderText {#text} at (439,57) size 101x19
            text run at (439,57) width 101: " elements"
          RenderText {#text} at (540,57) size 741x38
            text run at (540,57) width 201: " too. (with comment"
            text run at (0,76) width 505: "(no preceeding space) between elements and too)"
          RenderBR {BR} at (505,91) size 0x0
          RenderText {#text} at (0,95) size 209x19
            text run at (0,95) width 75: "Letter "
            text run at (75,95) width 134: "spacing test "
          RenderInline {EM} at (0,0) size 34x19
            RenderText {#text} at (209,95) size 34x19
              text run at (209,95) width 34: "for"
          RenderText {#text} at (243,95) size 9x19
            text run at (243,95) width 9: " "
          RenderInline {STRONG} at (0,0) size 100x19
            RenderText {#text} at (252,95) size 100x19
              text run at (252,95) width 100: "elements"
          RenderText {#text} at (352,95) size 9x19
            text run at (352,95) width 9: " "
          RenderInline {TT} at (0,0) size 78x15
            RenderText {#text} at (361,99) size 78x15
              text run at (361,99) width 78: "within"
          RenderText {#text} at (439,95) size 105x19
            text run at (439,95) width 105: " elements "
          RenderText {#text} at (544,95) size 741x38
            text run at (544,95) width 197: "too. (with comment"
            text run at (0,114) width 468: "(no trailing space) between elements and too)"
          RenderBR {BR} at (468,129) size 0x0
          RenderInline {SPAN} at (0,0) size 411x15
            RenderText {#text} at (0,137) size 255x15
              text run at (0,137) width 91: "Letter "
              text run at (91,137) width 164: "spacing test "
            RenderInline {EM} at (0,0) size 39x15
              RenderText {#text} at (255,137) size 39x15
                text run at (255,137) width 39: "for"
            RenderText {#text} at (294,137) size 13x15
              text run at (294,137) width 13: " "
            RenderInline {STRONG} at (0,0) size 104x15
              RenderText {#text} at (307,137) size 104x15
                text run at (307,137) width 104: "elements"
          RenderText {#text} at (411,133) size 9x19
            text run at (411,133) width 9: " "
          RenderInline {TT} at (0,0) size 78x15
            RenderText {#text} at (420,137) size 78x15
              text run at (420,137) width 78: "within"
          RenderText {#text} at (498,133) size 701x38
            text run at (498,133) width 203: " elements too. (with"
            text run at (0,152) width 415: "monospace font from Letter to elements)"
          RenderBR {BR} at (415,167) size 0x0
          RenderText {#text} at (0,171) size 209x19
            text run at (0,171) width 75: "Letter "
            text run at (75,171) width 134: "spacing test "
          RenderInline {SPAN} at (0,0) size 247x15
            RenderInline {EM} at (0,0) size 39x15
              RenderText {#text} at (209,175) size 39x15
                text run at (209,175) width 39: "for"
            RenderText {#text} at (248,175) size 13x15
              text run at (248,175) width 13: " "
            RenderInline {STRONG} at (0,0) size 104x15
              RenderText {#text} at (261,175) size 104x15
                text run at (261,175) width 104: "elements"
            RenderText {#text} at (365,175) size 13x15
              text run at (365,175) width 13: " "
            RenderInline {TT} at (0,0) size 78x15
              RenderText {#text} at (378,175) size 78x15
                text run at (378,175) width 78: "within"
          RenderText {#text} at (456,171) size 659x38
            text run at (456,171) width 203: " elements too. (with"
            text run at (0,190) width 354: "monospace font from for to within)"
          RenderBR {BR} at (354,205) size 0x0
          RenderText {#text} at (0,209) size 209x19
            text run at (0,209) width 75: "Letter "
            text run at (75,209) width 134: "spacing test "
          RenderInline {EM} at (0,0) size 34x19
            RenderText {#text} at (209,209) size 34x19
              text run at (209,209) width 34: "for"
          RenderText {#text} at (243,209) size 9x19
            text run at (243,209) width 9: " "
          RenderInline {STRONG} at (0,0) size 100x19
            RenderText {#text} at (252,209) size 100x19
              text run at (252,209) width 100: "elements"
          RenderText {#text} at (352,209) size 9x19
            text run at (352,209) width 9: " "
          RenderInline {SPAN} at (0,0) size 237x15
            RenderInline {TT} at (0,0) size 78x15
              RenderText {#text} at (361,213) size 78x15
                text run at (361,213) width 78: "within"
            RenderText {#text} at (439,213) size 159x15
              text run at (439,213) width 159: " elements too"
          RenderText {#text} at (598,209) size 666x38
            text run at (598,209) width 68: ". (with"
            text run at (0,228) width 393: "monospace font from elements to too) "
        RenderText {#text} at (0,0) size 0x0
        RenderBR {BR} at (0,0) size 0x0
        RenderBR {BR} at (0,247) size 0x19
        RenderBR {BR} at (0,266) size 0x19
      RenderBlock {H2} at (0,1582) size 769x29
        RenderText {#text} at (0,0) size 131x28
          text run at (0,0) width 131: "both-spacing"
      RenderBlock (floating) {PRE} at (0,1643) size 1469x169
        RenderBlock {H3} at (0,15) size 1469x19
          RenderText {#text} at (0,0) size 284x18
            text run at (0,0) width 284: "In a floated pre"
        RenderBlock (anonymous) at (0,48) size 1469x121
          RenderText {#text} at (0,0) size 503x30
            text run at (0,0) width 0: " "
            text run at (0,15) width 503: "Word and letter   spacing test "
          RenderInline {EM} at (0,0) size 39x15
            RenderText {#text} at (503,15) size 39x15
              text run at (503,15) width 39: "for"
          RenderText {#text} at (562,15) size 13x15
            text run at (562,15) width 13: " "
          RenderInline {STRONG} at (0,0) size 104x15
            RenderText {#text} at (575,15) size 104x15
              text run at (575,15) width 104: "elements"
          RenderText {#text} at (699,15) size 13x15
            text run at (699,15) width 13: " "
          RenderInline {TT} at (0,0) size 78x15
            RenderText {#text} at (712,15) size 78x15
              text run at (712,15) width 78: "within"
          RenderText {#text} at (810,15) size 1027x30
            text run at (810,15) width 197: " elements too."
            text run at (1027,15) width 0: " "
            text run at (0,30) width 503: "Word and letter   spacing test "
          RenderInline {EM} at (0,0) size 39x15
            RenderText {#text} at (503,30) size 39x15
              text run at (503,30) width 39: "for"
          RenderText {#text} at (562,30) size 13x15
            text run at (562,30) width 13: " "
          RenderInline {STRONG} at (0,0) size 104x15
            RenderText {#text} at (575,30) size 104x15
              text run at (575,30) width 104: "elements"
          RenderText {#text} at (699,30) size 13x15
            text run at (699,30) width 13: " "
          RenderInline {TT} at (0,0) size 78x15
            RenderText {#text} at (712,30) size 78x15
              text run at (712,30) width 78: "within"
          RenderText {#text} at (810,30) size 145x15
            text run at (810,30) width 145: " elements "
          RenderText {#text} at (955,30) size 1675x30
            text run at (955,30) width 700: " too. (with comment between elements and too)"
            text run at (1675,30) width 0: " "
            text run at (0,45) width 503: "Word and letter   spacing test "
          RenderInline {EM} at (0,0) size 39x15
            RenderText {#text} at (503,45) size 39x15
              text run at (503,45) width 39: "for"
          RenderText {#text} at (562,45) size 13x15
            text run at (562,45) width 13: " "
          RenderInline {STRONG} at (0,0) size 104x15
            RenderText {#text} at (575,45) size 104x15
              text run at (575,45) width 104: "elements"
          RenderText {#text} at (699,45) size 13x15
            text run at (699,45) width 13: " "
          RenderInline {TT} at (0,0) size 78x15
            RenderText {#text} at (712,45) size 78x15
              text run at (712,45) width 78: "within"
          RenderText {#text} at (810,45) size 112x15
            text run at (810,45) width 112: " elements"
          RenderText {#text} at (942,45) size 2008x30
            text run at (942,45) width 1046: " too. (with comment (no preceeding space) between elements and too)"
            text run at (2008,45) width 0: " "
            text run at (0,60) width 503: "Word and letter   spacing test "
          RenderInline {EM} at (0,0) size 39x15
            RenderText {#text} at (503,60) size 39x15
              text run at (503,60) width 39: "for"
          RenderText {#text} at (562,60) size 13x15
            text run at (562,60) width 13: " "
          RenderInline {STRONG} at (0,0) size 104x15
            RenderText {#text} at (575,60) size 104x15
              text run at (575,60) width 104: "elements"
          RenderText {#text} at (699,60) size 13x15
            text run at (699,60) width 13: " "
          RenderInline {TT} at (0,0) size 78x15
            RenderText {#text} at (712,60) size 78x15
              text run at (712,60) width 78: "within"
          RenderText {#text} at (810,60) size 145x15
            text run at (810,60) width 145: " elements "
          RenderText {#text} at (955,60) size 1032x15
            text run at (955,60) width 1012: "too. (with comment (no trailing space) between elements and too)"
            text run at (1987,60) width 0: " "
          RenderInline {SPAN} at (0,0) size 679x15
            RenderText {#text} at (0,75) size 503x15
              text run at (0,75) width 503: "Word and letter   spacing test "
            RenderInline {EM} at (0,0) size 39x15
              RenderText {#text} at (503,75) size 39x15
                text run at (503,75) width 39: "for"
            RenderText {#text} at (562,75) size 13x15
              text run at (562,75) width 13: " "
            RenderInline {STRONG} at (0,0) size 104x15
              RenderText {#text} at (575,75) size 104x15
                text run at (575,75) width 104: "elements"
          RenderText {#text} at (699,75) size 13x15
            text run at (699,75) width 13: " "
          RenderInline {TT} at (0,0) size 78x15
            RenderText {#text} at (712,75) size 78x15
              text run at (712,75) width 78: "within"
          RenderText {#text} at (810,75) size 1739x30
            text run at (810,75) width 909: " elements too. (with monospace font from Word to elements)"
            text run at (1739,75) width 0: " "
            text run at (0,90) width 503: "Word and letter   spacing test "
          RenderInline {SPAN} at (0,0) size 287x15
            RenderInline {EM} at (0,0) size 39x15
              RenderText {#text} at (503,90) size 39x15
                text run at (503,90) width 39: "for"
            RenderText {#text} at (562,90) size 13x15
              text run at (562,90) width 13: " "
            RenderInline {STRONG} at (0,0) size 104x15
              RenderText {#text} at (575,90) size 104x15
                text run at (575,90) width 104: "elements"
            RenderText {#text} at (699,90) size 13x15
              text run at (699,90) width 13: " "
            RenderInline {TT} at (0,0) size 78x15
              RenderText {#text} at (712,90) size 78x15
                text run at (712,90) width 78: "within"
          RenderText {#text} at (810,90) size 1700x30
            text run at (810,90) width 870: " elements too. (with monospace font from for to within)"
            text run at (1700,90) width 0: " "
            text run at (0,105) width 503: "Word and letter   spacing test "
          RenderInline {EM} at (0,0) size 39x15
            RenderText {#text} at (503,105) size 39x15
              text run at (503,105) width 39: "for"
          RenderText {#text} at (562,105) size 13x15
            text run at (562,105) width 13: " "
          RenderInline {STRONG} at (0,0) size 104x15
            RenderText {#text} at (575,105) size 104x15
              text run at (575,105) width 104: "elements"
          RenderText {#text} at (699,105) size 13x15
            text run at (699,105) width 13: " "
          RenderInline {SPAN} at (0,0) size 282x15
            RenderInline {TT} at (0,0) size 78x15
              RenderText {#text} at (712,105) size 78x15
                text run at (712,105) width 78: "within"
            RenderText {#text} at (810,105) size 184x15
              text run at (810,105) width 184: " elements too"
          RenderText {#text} at (994,105) size 732x15
            text run at (994,105) width 712: ". (with monospace font from elements to too)"
            text run at (1726,105) width 0: " "
      RenderBlock (anonymous) at (0,1630) size 769x195
        RenderBR {BR} at (1469,0) size 0x19
      RenderBlock {PRE} at (0,1839) size 769x154
        RenderBlock {H3} at (0,0) size 769x18
          RenderText {#text} at (0,0) size 340x18
            text run at (0,0) width 340: "In an un-floated pre"
        RenderBlock (anonymous) at (0,33) size 769x121
          RenderText {#text} at (0,0) size 503x30
            text run at (0,0) width 0: " "
            text run at (0,15) width 503: "Word and letter   spacing test "
          RenderInline {EM} at (0,0) size 39x15
            RenderText {#text} at (503,15) size 39x15
              text run at (503,15) width 39: "for"
          RenderText {#text} at (562,15) size 13x15
            text run at (562,15) width 13: " "
          RenderInline {STRONG} at (0,0) size 104x15
            RenderText {#text} at (575,15) size 104x15
              text run at (575,15) width 104: "elements"
          RenderText {#text} at (699,15) size 13x15
            text run at (699,15) width 13: " "
          RenderInline {TT} at (0,0) size 78x15
            RenderText {#text} at (712,15) size 78x15
              text run at (712,15) width 78: "within"
          RenderText {#text} at (810,15) size 1027x30
            text run at (810,15) width 197: " elements too."
            text run at (1027,15) width 0: " "
            text run at (0,30) width 503: "Word and letter   spacing test "
          RenderInline {EM} at (0,0) size 39x15
            RenderText {#text} at (503,30) size 39x15
              text run at (503,30) width 39: "for"
          RenderText {#text} at (562,30) size 13x15
            text run at (562,30) width 13: " "
          RenderInline {STRONG} at (0,0) size 104x15
            RenderText {#text} at (575,30) size 104x15
              text run at (575,30) width 104: "elements"
          RenderText {#text} at (699,30) size 13x15
            text run at (699,30) width 13: " "
          RenderInline {TT} at (0,0) size 78x15
            RenderText {#text} at (712,30) size 78x15
              text run at (712,30) width 78: "within"
          RenderText {#text} at (810,30) size 145x15
            text run at (810,30) width 145: " elements "
          RenderText {#text} at (955,30) size 1675x30
            text run at (955,30) width 700: " too. (with comment between elements and too)"
            text run at (1675,30) width 0: " "
            text run at (0,45) width 503: "Word and letter   spacing test "
          RenderInline {EM} at (0,0) size 39x15
            RenderText {#text} at (503,45) size 39x15
              text run at (503,45) width 39: "for"
          RenderText {#text} at (562,45) size 13x15
            text run at (562,45) width 13: " "
          RenderInline {STRONG} at (0,0) size 104x15
            RenderText {#text} at (575,45) size 104x15
              text run at (575,45) width 104: "elements"
          RenderText {#text} at (699,45) size 13x15
            text run at (699,45) width 13: " "
          RenderInline {TT} at (0,0) size 78x15
            RenderText {#text} at (712,45) size 78x15
              text run at (712,45) width 78: "within"
          RenderText {#text} at (810,45) size 112x15
            text run at (810,45) width 112: " elements"
          RenderText {#text} at (942,45) size 2008x30
            text run at (942,45) width 1046: " too. (with comment (no preceeding space) between elements and too)"
            text run at (2008,45) width 0: " "
            text run at (0,60) width 503: "Word and letter   spacing test "
          RenderInline {EM} at (0,0) size 39x15
            RenderText {#text} at (503,60) size 39x15
              text run at (503,60) width 39: "for"
          RenderText {#text} at (562,60) size 13x15
            text run at (562,60) width 13: " "
          RenderInline {STRONG} at (0,0) size 104x15
            RenderText {#text} at (575,60) size 104x15
              text run at (575,60) width 104: "elements"
          RenderText {#text} at (699,60) size 13x15
            text run at (699,60) width 13: " "
          RenderInline {TT} at (0,0) size 78x15
            RenderText {#text} at (712,60) size 78x15
              text run at (712,60) width 78: "within"
          RenderText {#text} at (810,60) size 145x15
            text run at (810,60) width 145: " elements "
          RenderText {#text} at (955,60) size 1032x15
            text run at (955,60) width 1012: "too. (with comment (no trailing space) between elements and too)"
            text run at (1987,60) width 0: " "
          RenderInline {SPAN} at (0,0) size 679x15
            RenderText {#text} at (0,75) size 503x15
              text run at (0,75) width 503: "Word and letter   spacing test "
            RenderInline {EM} at (0,0) size 39x15
              RenderText {#text} at (503,75) size 39x15
                text run at (503,75) width 39: "for"
            RenderText {#text} at (562,75) size 13x15
              text run at (562,75) width 13: " "
            RenderInline {STRONG} at (0,0) size 104x15
              RenderText {#text} at (575,75) size 104x15
                text run at (575,75) width 104: "elements"
          RenderText {#text} at (699,75) size 13x15
            text run at (699,75) width 13: " "
          RenderInline {TT} at (0,0) size 78x15
            RenderText {#text} at (712,75) size 78x15
              text run at (712,75) width 78: "within"
          RenderText {#text} at (810,75) size 1739x30
            text run at (810,75) width 909: " elements too. (with monospace font from Word to elements)"
            text run at (1739,75) width 0: " "
            text run at (0,90) width 503: "Word and letter   spacing test "
          RenderInline {SPAN} at (0,0) size 287x15
            RenderInline {EM} at (0,0) size 39x15
              RenderText {#text} at (503,90) size 39x15
                text run at (503,90) width 39: "for"
            RenderText {#text} at (562,90) size 13x15
              text run at (562,90) width 13: " "
            RenderInline {STRONG} at (0,0) size 104x15
              RenderText {#text} at (575,90) size 104x15
                text run at (575,90) width 104: "elements"
            RenderText {#text} at (699,90) size 13x15
              text run at (699,90) width 13: " "
            RenderInline {TT} at (0,0) size 78x15
              RenderText {#text} at (712,90) size 78x15
                text run at (712,90) width 78: "within"
          RenderText {#text} at (810,90) size 1700x30
            text run at (810,90) width 870: " elements too. (with monospace font from for to within)"
            text run at (1700,90) width 0: " "
            text run at (0,105) width 503: "Word and letter   spacing test "
          RenderInline {EM} at (0,0) size 39x15
            RenderText {#text} at (503,105) size 39x15
              text run at (503,105) width 39: "for"
          RenderText {#text} at (562,105) size 13x15
            text run at (562,105) width 13: " "
          RenderInline {STRONG} at (0,0) size 104x15
            RenderText {#text} at (575,105) size 104x15
              text run at (575,105) width 104: "elements"
          RenderText {#text} at (699,105) size 13x15
            text run at (699,105) width 13: " "
          RenderInline {SPAN} at (0,0) size 282x15
            RenderInline {TT} at (0,0) size 78x15
              RenderText {#text} at (712,105) size 78x15
                text run at (712,105) width 78: "within"
            RenderText {#text} at (810,105) size 184x15
              text run at (810,105) width 184: " elements too"
          RenderText {#text} at (994,105) size 732x15
            text run at (994,105) width 712: ". (with monospace font from elements to too)"
            text run at (1726,105) width 0: " "
      RenderBlock (anonymous) at (0,2005) size 769x20
        RenderBR {BR} at (0,0) size 0x19
        RenderInline {SPAN} at (0,0) size 0x0
          RenderText {#text} at (0,0) size 0x0
      RenderBlock (anonymous) at (0,2043) size 769x23
        RenderBlock {H3} at (0,0) size 769x22
          RenderText {#text} at (0,0) size 150x22
            text run at (0,0) width 150: "In a span"
      RenderBlock (anonymous) at (0,2084) size 769x305
        RenderInline {SPAN} at (0,0) size 768x304
          RenderText {#text} at (0,0) size 404x19
            text run at (0,0) width 230: "Word and letter "
            text run at (230,0) width 174: "spacing test "
          RenderInline {EM} at (0,0) size 34x19
            RenderText {#text} at (404,0) size 34x19
              text run at (404,0) width 34: "for"
          RenderText {#text} at (458,0) size 9x19
            text run at (458,0) width 9: " "
          RenderInline {STRONG} at (0,0) size 100x19
            RenderText {#text} at (467,0) size 100x19
              text run at (467,0) width 100: "elements"
          RenderText {#text} at (587,0) size 9x19
            text run at (587,0) width 9: " "
          RenderInline {TT} at (0,0) size 78x15
            RenderText {#text} at (596,4) size 78x15
              text run at (596,4) width 78: "within"
          RenderText {#text} at (0,19) size 160x19
            text run at (0,19) width 160: "elements too."
          RenderBR {BR} at (160,34) size 0x0
          RenderText {#text} at (0,38) size 404x19
            text run at (0,38) width 230: "Word and letter "
            text run at (230,38) width 174: "spacing test "
          RenderInline {EM} at (0,0) size 34x19
            RenderText {#text} at (404,38) size 34x19
              text run at (404,38) width 34: "for"
          RenderText {#text} at (458,38) size 9x19
            text run at (458,38) width 9: " "
          RenderInline {STRONG} at (0,0) size 100x19
            RenderText {#text} at (467,38) size 100x19
              text run at (467,38) width 100: "elements"
          RenderText {#text} at (587,38) size 9x19
            text run at (587,38) width 9: " "
          RenderInline {TT} at (0,0) size 78x15
            RenderText {#text} at (596,42) size 78x15
              text run at (596,42) width 78: "within"
          RenderText {#text} at (0,57) size 121x19
            text run at (0,57) width 121: "elements "
          RenderText {#text} at (121,57) size 593x19
            text run at (121,57) width 593: "too. (with comment between elements and too)"
          RenderBR {BR} at (714,72) size 0x0
          RenderText {#text} at (0,76) size 404x19
            text run at (0,76) width 230: "Word and letter "
            text run at (230,76) width 174: "spacing test "
          RenderInline {EM} at (0,0) size 34x19
            RenderText {#text} at (404,76) size 34x19
              text run at (404,76) width 34: "for"
          RenderText {#text} at (458,76) size 9x19
            text run at (458,76) width 9: " "
          RenderInline {STRONG} at (0,0) size 100x19
            RenderText {#text} at (467,76) size 100x19
              text run at (467,76) width 100: "elements"
          RenderText {#text} at (587,76) size 9x19
            text run at (587,76) width 9: " "
          RenderInline {TT} at (0,0) size 78x15
            RenderText {#text} at (596,80) size 78x15
              text run at (596,80) width 78: "within"
          RenderText {#text} at (0,95) size 92x19
            text run at (0,95) width 92: "elements"
          RenderText {#text} at (112,95) size 756x38
            text run at (112,95) width 644: " too. (with comment (no preceeding space) between"
            text run at (0,114) width 222: "elements and too)"
          RenderBR {BR} at (222,129) size 0x0
          RenderText {#text} at (0,133) size 404x19
            text run at (0,133) width 230: "Word and letter "
            text run at (230,133) width 174: "spacing test "
          RenderInline {EM} at (0,0) size 34x19
            RenderText {#text} at (404,133) size 34x19
              text run at (404,133) width 34: "for"
          RenderText {#text} at (458,133) size 9x19
            text run at (458,133) width 9: " "
          RenderInline {STRONG} at (0,0) size 100x19
            RenderText {#text} at (467,133) size 100x19
              text run at (467,133) width 100: "elements"
          RenderText {#text} at (587,133) size 9x19
            text run at (587,133) width 9: " "
          RenderInline {TT} at (0,0) size 78x15
            RenderText {#text} at (596,137) size 78x15
              text run at (596,137) width 78: "within"
          RenderText {#text} at (0,152) size 121x19
            text run at (0,152) width 121: "elements "
          RenderText {#text} at (121,152) size 724x38
            text run at (121,152) width 603: "too. (with comment (no trailing space) between"
            text run at (0,171) width 222: "elements and too)"
          RenderBR {BR} at (222,186) size 0x0
          RenderInline {SPAN} at (0,0) size 638x15
            RenderText {#text} at (0,194) size 462x15
              text run at (0,194) width 258: "Word and letter "
              text run at (258,194) width 204: "spacing test "
            RenderInline {EM} at (0,0) size 39x15
              RenderText {#text} at (462,194) size 39x15
                text run at (462,194) width 39: "for"
            RenderText {#text} at (521,194) size 13x15
              text run at (521,194) width 13: " "
            RenderInline {STRONG} at (0,0) size 104x15
              RenderText {#text} at (534,194) size 104x15
                text run at (534,194) width 104: "elements"
          RenderText {#text} at (658,190) size 9x19
            text run at (658,190) width 9: " "
          RenderInline {TT} at (0,0) size 78x15
            RenderText {#text} at (667,194) size 78x15
              text run at (667,194) width 78: "within"
          RenderText {#text} at (0,209) size 768x19
            text run at (0,209) width 768: "elements too. (with monospace font from Word to elements)"
          RenderBR {BR} at (768,224) size 0x0
          RenderText {#text} at (0,228) size 404x19
            text run at (0,228) width 230: "Word and letter "
            text run at (230,228) width 174: "spacing test "
          RenderInline {SPAN} at (0,0) size 287x15
            RenderInline {EM} at (0,0) size 39x15
              RenderText {#text} at (404,232) size 39x15
                text run at (404,232) width 39: "for"
            RenderText {#text} at (463,232) size 13x15
              text run at (463,232) width 13: " "
            RenderInline {STRONG} at (0,0) size 104x15
              RenderText {#text} at (476,232) size 104x15
                text run at (476,232) width 104: "elements"
            RenderText {#text} at (600,232) size 13x15
              text run at (600,232) width 13: " "
            RenderInline {TT} at (0,0) size 78x15
              RenderText {#text} at (613,232) size 78x15
                text run at (613,232) width 78: "within"
          RenderText {#text} at (0,247) size 717x19
            text run at (0,247) width 717: "elements too. (with monospace font from for to within)"
          RenderBR {BR} at (717,262) size 0x0
          RenderText {#text} at (0,266) size 404x19
            text run at (0,266) width 230: "Word and letter "
            text run at (230,266) width 174: "spacing test "
          RenderInline {EM} at (0,0) size 34x19
            RenderText {#text} at (404,266) size 34x19
              text run at (404,266) width 34: "for"
          RenderText {#text} at (458,266) size 9x19
            text run at (458,266) width 9: " "
          RenderInline {STRONG} at (0,0) size 100x19
            RenderText {#text} at (467,266) size 100x19
              text run at (467,266) width 100: "elements"
          RenderText {#text} at (587,266) size 9x19
            text run at (587,266) width 9: " "
          RenderInline {SPAN} at (0,0) size 674x34
            RenderInline {TT} at (0,0) size 78x15
              RenderText {#text} at (596,270) size 78x15
                text run at (596,270) width 78: "within"
            RenderText {#text} at (0,289) size 171x15
              text run at (0,289) width 171: "elements too"
          RenderText {#text} at (171,285) size 596x19
            text run at (171,285) width 596: ". (with monospace font from elements to too)"
        RenderText {#text} at (0,0) size 0x0
