layer at (0,0) size 800x600
  RenderView at (0,0) size 800x600
layer at (0,0) size 800x205
  RenderBlock {HTML} at (0,0) size 800x205
    RenderBody {BODY} at (8,8) size 784x189
      RenderTextControl {INPUT} at (2,2) size 203x23
        RenderFlexibleBox {DIV} at (2,2) size 199x19
          RenderBlock {DIV} at (0,9) size 0x1
          RenderBlock {DIV} at (0,0) size 188x19
          RenderBlock {DIV} at (188,4) size 11x11
      RenderText {#text} at (207,4) size 4x19
        text run at (207,4) width 4: " "
      RenderBR {BR} at (0,0) size 0x0
      RenderTextControl {INPUT} at (2,29) size 203x23
        RenderFlexibleBox {DIV} at (2,2) size 199x19
          RenderBlock {DIV} at (0,9) size 0x1
          RenderBlock {DIV} at (0,0) size 188x19
          RenderBlock {DIV} at (188,4) size 11x11
      RenderText {#text} at (207,31) size 4x19
        text run at (207,31) width 4: " "
      RenderBR {BR} at (0,0) size 0x0
      RenderTextControl {INPUT} at (2,56) size 203x23
        RenderFlexibleBox {DIV} at (2,2) size 199x19
          RenderBlock {DIV} at (0,9) size 0x1
          RenderBlock {DIV} at (0,0) size 188x19
          RenderBlock {DIV} at (188,4) size 11x11
      RenderText {#text} at (207,58) size 4x19
        text run at (207,58) width 4: " "
      RenderBR {BR} at (0,0) size 0x0
      RenderTextControl {INPUT} at (2,83) size 203x23
        RenderFlexibleBox {DIV} at (2,2) size 199x19
          RenderBlock {DIV} at (0,9) size 0x1
          RenderBlock {DIV} at (0,0) size 188x19
          RenderBlock {DIV} at (188,4) size 11x11
      RenderText {#text} at (207,85) size 4x19
        text run at (207,85) width 4: " "
      RenderBR {BR} at (0,0) size 0x0
      RenderTextControl {INPUT} at (2,110) size 203x23
        RenderFlexibleBox {DIV} at (2,2) size 199x19
          RenderBlock {DIV} at (0,9) size 0x1
          RenderBlock {DIV} at (0,0) size 188x19
          RenderBlock {DIV} at (188,4) size 11x11
      RenderText {#text} at (207,112) size 4x19
        text run at (207,112) width 4: " "
      RenderBR {BR} at (0,0) size 0x0
      RenderTextControl {INPUT} at (2,137) size 203x23
        RenderFlexibleBox {DIV} at (2,2) size 199x19
          RenderBlock {DIV} at (0,9) size 0x1
          RenderBlock {DIV} at (0,0) size 188x19
          RenderBlock {DIV} at (188,4) size 11x11
      RenderText {#text} at (207,139) size 4x19
        text run at (207,139) width 4: " "
      RenderBR {BR} at (0,0) size 0x0
      RenderTextControl {INPUT} at (2,164) size 383x23
        RenderFlexibleBox {DIV} at (2,2) size 379x19
          RenderBlock {DIV} at (0,9) size 0x1
          RenderBlock {DIV} at (0,0) size 368x19
          RenderBlock {DIV} at (368,4) size 11x11
      RenderText {#text} at (0,0) size 0x0
layer at (12,12) size 188x19
  RenderBlock {DIV} at (0,0) size 188x19
layer at (12,39) size 188x19
  RenderBlock {DIV} at (0,0) size 188x19
    RenderText {#text} at (0,0) size 160x19
      text run at (0,0) width 160: "12345678901234567890"
layer at (12,66) size 188x19
  RenderBlock {DIV} at (0,0) size 188x19
layer at (12,93) size 188x19
  RenderBlock {DIV} at (0,0) size 188x19
    RenderText {#text} at (0,0) size 160x19
      text run at (0,0) width 160: "12345678901234567890"
layer at (12,120) size 188x19
  RenderBlock {DIV} at (0,0) size 188x19
layer at (12,147) size 188x19
  RenderBlock {DIV} at (0,0) size 188x19
    RenderText {#text} at (0,0) size 160x19
      text run at (0,0) width 160: "12345678901234567890"
layer at (12,174) size 368x19
  RenderBlock {DIV} at (0,0) size 368x19
    RenderText {#text} at (0,0) size 320x19
      text run at (0,0) width 320: "1234567890123456789012345678901234567890"
