layer at (0,0) size 948x585
  RenderView at (0,0) size 800x585
layer at (0,0) size 800x585
  RenderBlock {HTML} at (0,0) size 800x585
    RenderBody {BODY} at (8,8) size 784x569
      RenderBlock (anonymous) at (0,0) size 784x17
        RenderText {#text} at (0,0) size 224x17
          text run at (0,0) width 224: "These textfields should not overlap."
      RenderTable {TABLE} at (0,17) size 784x31
        RenderTableSection {TBODY} at (0,0) size 784x31
          RenderTableRow {TR} at (0,1) size 784x29
            RenderTableCell {TD} at (1,1) size 193x29 [r=0 c=0 rs=1 cs=1]
              RenderTextControl {INPUT} at (1,3) size 191x23 [bgcolor=#FFFFFF] [border: (2px inset #000000)]
            RenderTableCell {TD} at (195,1) size 8x29 [r=0 c=1 rs=1 cs=1]
              RenderTextControl {INPUT} at (1,3) size 6x23 [bgcolor=#FFFFFF] [border: (2px inset #000000)]
            RenderTableCell {TD} at (204,1) size 8x29 [r=0 c=2 rs=1 cs=1]
              RenderTextControl {INPUT} at (1,3) size 6x23 [bgcolor=#FFFFFF] [border: (2px inset #000000)]
            RenderTableCell {TD} at (213,6) size 570x19 [r=0 c=3 rs=1 cs=1]
              RenderText {#text} at (1,1) size 4x17
                text run at (1,1) width 4: " "
      RenderBlock (anonymous) at (0,48) size 784x34
        RenderBR {BR} at (0,0) size 0x17
        RenderBR {BR} at (0,17) size 0x17
      RenderTable {TABLE} at (0,82) size 940x31
        RenderTableSection {TBODY} at (0,0) size 940x31
          RenderTableRow {TR} at (0,1) size 940x29
            RenderTableCell {TD} at (1,1) size 913x29 [r=0 c=0 rs=1 cs=1]
              RenderTextControl {INPUT} at (1,3) size 911x23 [bgcolor=#FFFFFF] [border: (2px inset #000000)]
            RenderTableCell {TD} at (915,1) size 8x29 [r=0 c=1 rs=1 cs=1]
              RenderTextControl {INPUT} at (1,3) size 6x23 [bgcolor=#FFFFFF] [border: (2px inset #000000)]
            RenderTableCell {TD} at (924,1) size 8x29 [r=0 c=2 rs=1 cs=1]
              RenderTextControl {INPUT} at (1,3) size 6x23 [bgcolor=#FFFFFF] [border: (2px inset #000000)]
            RenderTableCell {TD} at (933,6) size 6x19 [r=0 c=3 rs=1 cs=1]
              RenderText {#text} at (1,1) size 4x17
                text run at (1,1) width 4: " "
layer at (13,32) size 185x17
  RenderBlock {DIV} at (3,3) size 185x17
    RenderText {#text} at (0,0) size 67x17
      text run at (0,0) width 67: "New Mail"
layer at (13,97) size 905x17
  RenderBlock {DIV} at (3,3) size 905x17
    RenderText {#text} at (0,0) size 67x17
      text run at (0,0) width 67: "New Mail"
