layer at (0,0) size 785x1329
  RenderView at (0,0) size 785x600
layer at (0,0) size 785x1329
  RenderBlock {HTML} at (0,0) size 785x1329
    RenderBody {BODY} at (8,8) size 769x1313 [bgcolor=#CCCCCC]
      RenderBlock {P} at (0,0) size 769x19
        RenderText {#text} at (0,0) size 337x19
          text run at (0,0) width 337: "The style declarations which apply to the text below are:"
      RenderBlock {PRE} at (0,35) size 769x165
        RenderText {#text} at (0,0) size 264x165
          text run at (0,0) width 232: ".one {letter-spacing: 0.3in;}"
          text run at (232,0) width 0: " "
          text run at (0,15) width 232: ".two {letter-spacing: 0.5cm;}"
          text run at (232,15) width 0: " "
          text run at (0,30) width 232: ".three {letter-spacing: 5mm;}"
          text run at (232,30) width 0: " "
          text run at (0,45) width 224: ".four {letter-spacing: 3pt;}"
          text run at (224,45) width 0: " "
          text run at (0,60) width 248: ".five {letter-spacing: 0.25pc;}"
          text run at (248,60) width 0: " "
          text run at (0,75) width 216: ".six {letter-spacing: 1em;}"
          text run at (216,75) width 0: " "
          text run at (0,90) width 232: ".seven {letter-spacing: 1ex;}"
          text run at (232,90) width 0: " "
          text run at (0,105) width 232: ".eight {letter-spacing: 5px;}"
          text run at (232,105) width 0: " "
          text run at (0,120) width 248: ".nine {letter-spacing: normal;}"
          text run at (248,120) width 0: " "
          text run at (0,135) width 224: ".ten {letter-spacing: 300%;}"
          text run at (224,135) width 0: " "
          text run at (0,150) width 264: ".eleven {letter-spacing: -0.1em;}"
          text run at (264,150) width 0: " "
      RenderBlock {HR} at (0,213) size 769x2 [border: (1px inset #000000)]
      RenderBlock {P} at (0,231) size 769x76
        RenderText {#text} at (0,0) size 631x76
          text run at (0,0) width 579: "This letters in this"
          text run at (0,19) width 631: "sentence should have"
          text run at (0,38) width 600: "extra space between"
          text run at (0,57) width 173: "them."
      RenderBlock {P} at (0,323) size 769x38
        RenderText {#text} at (0,0) size 760x38
          text run at (0,0) width 760: "This letters in this sentence should"
          text run at (0,19) width 661: "have extra space between them."
      RenderBlock {P} at (0,377) size 769x38
        RenderText {#text} at (0,0) size 760x38
          text run at (0,0) width 760: "This letters in this sentence should"
          text run at (0,19) width 661: "have extra space between them."
      RenderBlock {P} at (0,431) size 769x19
        RenderText {#text} at (0,0) size 627x19
          text run at (0,0) width 627: "This letters in this sentence should have extra space between them."
      RenderBlock {P} at (0,466) size 769x19
        RenderText {#text} at (0,0) size 627x19
          text run at (0,0) width 627: "This letters in this sentence should have extra space between them."
      RenderBlock {P} at (0,501) size 769x38
        RenderText {#text} at (0,0) size 698x38
          text run at (0,0) width 698: "This letters in this sentence should"
          text run at (0,19) width 609: "have extra space between them."
      RenderBlock {P} at (0,555) size 769x38
        RenderText {#text} at (0,0) size 726x38
          text run at (0,0) width 726: "This letters in this sentence should have extra space between"
          text run at (0,19) width 68: "them."
      RenderBlock {P} at (0,609) size 769x38
        RenderText {#text} at (0,0) size 759x38
          text run at (0,0) width 759: "This letters in this sentence should have extra space between them, but the"
          text run at (0,19) width 314: "last few words in the sentence "
        RenderInline {SPAN} at (0,0) size 169x19
          RenderText {#text} at (314,19) size 169x19
            text run at (314,19) width 169: "should show normal spacing"
        RenderText {#text} at (483,19) size 9x19
          text run at (483,19) width 9: "."
      RenderBlock {P} at (0,663) size 769x19
        RenderText {#text} at (0,0) size 755x19
          text run at (0,0) width 755: "This letters in this sentence should have normal space between them, since percentage values are not allowed on this property."
      RenderBlock {P} at (0,698) size 769x19
        RenderText {#text} at (0,0) size 620x19
          text run at (0,0) width 620: "This letters in this sentence should have reduced space between them, since negative values are allowed on this property."
      RenderTable {TABLE} at (0,733) size 769x580 [border: (1px outset #808080)]
        RenderTableSection {TBODY} at (1,1) size 767x578
          RenderTableRow {TR} at (0,0) size 767x27
            RenderTableCell {TD} at (0,0) size 767x27 [bgcolor=#C0C0C0] [border: (1px inset #808080)] [r=0 c=0 rs=1 cs=2]
              RenderInline {STRONG} at (0,0) size 159x19
                RenderText {#text} at (4,4) size 159x19
                  text run at (4,4) width 159: "TABLE Testing Section"
          RenderTableRow {TR} at (0,27) size 767x551
            RenderTableCell {TD} at (0,289) size 12x27 [bgcolor=#C0C0C0] [border: (1px inset #808080)] [r=1 c=0 rs=1 cs=1]
              RenderText {#text} at (4,4) size 4x19
                text run at (4,4) width 4: " "
            RenderTableCell {TD} at (12,27) size 755x551 [border: (1px inset #808080)] [r=1 c=1 rs=1 cs=1]
              RenderBlock {P} at (4,4) size 747x76
                RenderText {#text} at (0,0) size 631x76
                  text run at (0,0) width 579: "This letters in this"
                  text run at (0,19) width 631: "sentence should have"
                  text run at (0,38) width 600: "extra space between"
                  text run at (0,57) width 173: "them."
              RenderBlock {P} at (4,96) size 747x57
                RenderText {#text} at (0,0) size 685x57
                  text run at (0,0) width 609: "This letters in this sentence"
                  text run at (0,19) width 685: "should have extra space between"
                  text run at (0,38) width 123: "them."
              RenderBlock {P} at (4,169) size 747x57
                RenderText {#text} at (0,0) size 685x57
                  text run at (0,0) width 609: "This letters in this sentence"
                  text run at (0,19) width 685: "should have extra space between"
                  text run at (0,38) width 123: "them."
              RenderBlock {P} at (4,242) size 747x19
                RenderText {#text} at (0,0) size 627x19
                  text run at (0,0) width 627: "This letters in this sentence should have extra space between them."
              RenderBlock {P} at (4,277) size 747x19
                RenderText {#text} at (0,0) size 627x19
                  text run at (0,0) width 627: "This letters in this sentence should have extra space between them."
              RenderBlock {P} at (4,312) size 747x38
                RenderText {#text} at (0,0) size 698x38
                  text run at (0,0) width 698: "This letters in this sentence should"
                  text run at (0,19) width 609: "have extra space between them."
              RenderBlock {P} at (4,366) size 747x38
                RenderText {#text} at (0,0) size 726x38
                  text run at (0,0) width 726: "This letters in this sentence should have extra space between"
                  text run at (0,19) width 68: "them."
              RenderBlock {P} at (4,420) size 747x38
                RenderText {#text} at (0,0) size 722x38
                  text run at (0,0) width 722: "This letters in this sentence should have extra space between them, but"
                  text run at (0,19) width 351: "the last few words in the sentence "
                RenderInline {SPAN} at (0,0) size 169x19
                  RenderText {#text} at (351,19) size 169x19
                    text run at (351,19) width 169: "should show normal spacing"
                RenderText {#text} at (520,19) size 9x19
                  text run at (520,19) width 9: "."
              RenderBlock {P} at (4,474) size 747x38
                RenderText {#text} at (0,0) size 695x38
                  text run at (0,0) width 695: "This letters in this sentence should have normal space between them, since percentage values are not allowed on this"
                  text run at (0,19) width 56: "property."
              RenderBlock {P} at (4,528) size 747x19
                RenderText {#text} at (0,0) size 620x19
                  text run at (0,0) width 620: "This letters in this sentence should have reduced space between them, since negative values are allowed on this property."
